// Jest Snapshot v1, https://goo.gl/fbAQLP

exports[`View :: Auth :: AuthPage matches snapshot 1`] = `
<div
  class="auth-page"
>
  <div
    class="container page"
  >
    <div
      class="row"
    >
      <div
        class="col-md-6 offset-md-3 col-xs-12"
      >
        <h1
          class="text-xs-center"
        >
          test
        </h1>
        <p
          class="text-xs-center"
        >
          <span>
            link
          </span>
        </p>
        <ul
          class="error-messages"
          data-testid="errors"
        />
        <form>
          <fieldset
            class="form-group"
          >
            <input
              class="form-control form-control-lg"
              data-testid="input-username"
              name="username"
              placeholder="Your Name"
              type="text"
              value=""
            />
          </fieldset>
          <fieldset
            class="form-group"
          >
            <input
              class="form-control form-control-lg"
              data-testid="input-email"
              name="email"
              placeholder="Email"
              type="text"
              value=""
            />
          </fieldset>
          <fieldset
            class="form-group"
          >
            <input
              class="form-control form-control-lg"
              data-testid="input-password"
              name="password"
              placeholder="Password"
              type="password"
              value=""
            />
          </fieldset>
          <button
            class="btn btn-lg btn-primary pull-xs-right"
            type="submit"
          >
            test
          </button>
        </form>
      </div>
    </div>
  </div>
</div>
`;
